doing a test for github actions
pt 2
